../Core/Src/main.c:109:5:main	192	static
../Core/Src/main.c:177:6:SystemClock_Config	88	static
../Core/Src/main.c:224:13:MX_USART2_UART_Init	8	static
../Core/Src/main.c:257:13:MX_GPIO_Init	48	static
../Core/Src/main.c:287:6:BlinkLED	8	static
../Core/Src/main.c:299:6:UARTInterruptConfig	8	static
../Core/Src/main.c:305:6:HAL_UART_RxCpltCallback	16	static
../Core/Src/main.c:329:6:AssignMode	8	static
../Core/Src/main.c:384:6:MainMenu	88	static
../Core/Src/main.c:395:6:ButtonStatus	8	static
../Core/Src/main.c:412:6:LEDControl	8	static
../Core/Src/main.c:460:6:Error_Handler	4	static,ignoring_inline_asm
