../Core/Src/main.c:100:5:main	8	static
../Core/Src/main.c:156:6:SystemClock_Config	88	static
../Core/Src/main.c:200:13:MX_USART2_UART_Init	8	static
../Core/Src/main.c:229:13:MX_DMA_Init	16	static
../Core/Src/main.c:249:13:MX_GPIO_Init	48	static
../Core/Src/main.c:278:6:BlinkLED	8	static
../Core/Src/main.c:286:6:UARTInterruptConfig	8	static
../Core/Src/main.c:291:6:HAL_UART_RxCpltCallback	16	static
../Core/Src/main.c:300:6:AssignMode	8	static
../Core/Src/main.c:334:6:ButtonStatus	8	static
../Core/Src/main.c:350:6:LEDControl	8	static
../Core/Src/main.c:392:6:WrongInput	8	static
../Core/Src/main.c:403:6:Error_Handler	4	static,ignoring_inline_asm
